Archive member included to satisfy reference by file (symbol)

c:/program files (x86)/atmel/studio/7.0/toolchain/avr8/avr8-gnu-toolchain/bin/../lib/gcc/avr/4.9.2/../../../../avr/lib/avr5\libm.a(addsf3.o)
                              src/arduino/cores/arduino/Print.o (__subsf3)
c:/program files (x86)/atmel/studio/7.0/toolchain/avr8/avr8-gnu-toolchain/bin/../lib/gcc/avr/4.9.2/../../../../avr/lib/avr5\libm.a(addsf3x.o)
                              c:/program files (x86)/atmel/studio/7.0/toolchain/avr8/avr8-gnu-toolchain/bin/../lib/gcc/avr/4.9.2/../../../../avr/lib/avr5\libm.a(addsf3.o) (__addsf3x)
c:/program files (x86)/atmel/studio/7.0/toolchain/avr8/avr8-gnu-toolchain/bin/../lib/gcc/avr/4.9.2/../../../../avr/lib/avr5\libm.a(cmpsf2.o)
                              src/arduino/cores/arduino/Print.o (__ltsf2)
c:/program files (x86)/atmel/studio/7.0/toolchain/avr8/avr8-gnu-toolchain/bin/../lib/gcc/avr/4.9.2/../../../../avr/lib/avr5\libm.a(divsf3.o)
                              src/arduino/cores/arduino/Print.o (__divsf3)
c:/program files (x86)/atmel/studio/7.0/toolchain/avr8/avr8-gnu-toolchain/bin/../lib/gcc/avr/4.9.2/../../../../avr/lib/avr5\libm.a(divsf3x.o)
                              c:/program files (x86)/atmel/studio/7.0/toolchain/avr8/avr8-gnu-toolchain/bin/../lib/gcc/avr/4.9.2/../../../../avr/lib/avr5\libm.a(divsf3.o) (__divsf3x)
c:/program files (x86)/atmel/studio/7.0/toolchain/avr8/avr8-gnu-toolchain/bin/../lib/gcc/avr/4.9.2/../../../../avr/lib/avr5\libm.a(fixsfsi.o)
                              src/arduino/cores/arduino/Print.o (__fixsfsi)
c:/program files (x86)/atmel/studio/7.0/toolchain/avr8/avr8-gnu-toolchain/bin/../lib/gcc/avr/4.9.2/../../../../avr/lib/avr5\libm.a(fixunssfsi.o)
                              src/arduino/cores/arduino/Print.o (__fixunssfsi)
c:/program files (x86)/atmel/studio/7.0/toolchain/avr8/avr8-gnu-toolchain/bin/../lib/gcc/avr/4.9.2/../../../../avr/lib/avr5\libm.a(floatsisf.o)
                              src/arduino/cores/arduino/Print.o (__floatunsisf)
c:/program files (x86)/atmel/studio/7.0/toolchain/avr8/avr8-gnu-toolchain/bin/../lib/gcc/avr/4.9.2/../../../../avr/lib/avr5\libm.a(fp_cmp.o)
                              c:/program files (x86)/atmel/studio/7.0/toolchain/avr8/avr8-gnu-toolchain/bin/../lib/gcc/avr/4.9.2/../../../../avr/lib/avr5\libm.a(cmpsf2.o) (__fp_cmp)
c:/program files (x86)/atmel/studio/7.0/toolchain/avr8/avr8-gnu-toolchain/bin/../lib/gcc/avr/4.9.2/../../../../avr/lib/avr5\libm.a(fp_inf.o)
                              c:/program files (x86)/atmel/studio/7.0/toolchain/avr8/avr8-gnu-toolchain/bin/../lib/gcc/avr/4.9.2/../../../../avr/lib/avr5\libm.a(addsf3x.o) (__fp_inf)
c:/program files (x86)/atmel/studio/7.0/toolchain/avr8/avr8-gnu-toolchain/bin/../lib/gcc/avr/4.9.2/../../../../avr/lib/avr5\libm.a(fp_nan.o)
                              c:/program files (x86)/atmel/studio/7.0/toolchain/avr8/avr8-gnu-toolchain/bin/../lib/gcc/avr/4.9.2/../../../../avr/lib/avr5\libm.a(addsf3x.o) (__fp_nan)
c:/program files (x86)/atmel/studio/7.0/toolchain/avr8/avr8-gnu-toolchain/bin/../lib/gcc/avr/4.9.2/../../../../avr/lib/avr5\libm.a(fp_pscA.o)
                              c:/program files (x86)/atmel/studio/7.0/toolchain/avr8/avr8-gnu-toolchain/bin/../lib/gcc/avr/4.9.2/../../../../avr/lib/avr5\libm.a(addsf3x.o) (__fp_pscA)
c:/program files (x86)/atmel/studio/7.0/toolchain/avr8/avr8-gnu-toolchain/bin/../lib/gcc/avr/4.9.2/../../../../avr/lib/avr5\libm.a(fp_pscB.o)
                              c:/program files (x86)/atmel/studio/7.0/toolchain/avr8/avr8-gnu-toolchain/bin/../lib/gcc/avr/4.9.2/../../../../avr/lib/avr5\libm.a(addsf3x.o) (__fp_pscB)
c:/program files (x86)/atmel/studio/7.0/toolchain/avr8/avr8-gnu-toolchain/bin/../lib/gcc/avr/4.9.2/../../../../avr/lib/avr5\libm.a(fp_round.o)
                              c:/program files (x86)/atmel/studio/7.0/toolchain/avr8/avr8-gnu-toolchain/bin/../lib/gcc/avr/4.9.2/../../../../avr/lib/avr5\libm.a(addsf3.o) (__fp_round)
c:/program files (x86)/atmel/studio/7.0/toolchain/avr8/avr8-gnu-toolchain/bin/../lib/gcc/avr/4.9.2/../../../../avr/lib/avr5\libm.a(fp_split3.o)
                              c:/program files (x86)/atmel/studio/7.0/toolchain/avr8/avr8-gnu-toolchain/bin/../lib/gcc/avr/4.9.2/../../../../avr/lib/avr5\libm.a(addsf3x.o) (__fp_split3)
c:/program files (x86)/atmel/studio/7.0/toolchain/avr8/avr8-gnu-toolchain/bin/../lib/gcc/avr/4.9.2/../../../../avr/lib/avr5\libm.a(fp_zero.o)
                              c:/program files (x86)/atmel/studio/7.0/toolchain/avr8/avr8-gnu-toolchain/bin/../lib/gcc/avr/4.9.2/../../../../avr/lib/avr5\libm.a(addsf3x.o) (__fp_zero)
c:/program files (x86)/atmel/studio/7.0/toolchain/avr8/avr8-gnu-toolchain/bin/../lib/gcc/avr/4.9.2/../../../../avr/lib/avr5\libm.a(gesf2.o)
                              src/arduino/cores/arduino/Print.o (__gtsf2)
c:/program files (x86)/atmel/studio/7.0/toolchain/avr8/avr8-gnu-toolchain/bin/../lib/gcc/avr/4.9.2/../../../../avr/lib/avr5\libm.a(mulsf3.o)
[...]
Memory Configuration

Name             Origin             Length             Attributes
text             0x00000000         0x00020000         xr
data             0x00800060         0x0000ffa0         rw !x
eeprom           0x00810000         0x00010000         rw !x
fuse             0x00820000         0x00000003         rw !x
lock             0x00830000         0x00000400         rw !x
signature        0x00840000         0x00000400         rw !x
user_signatures  0x00850000         0x00000400         rw !x
*default*        0x00000000         0xffffffff

Linker script and memory map

Address of section .data set to 0x800100
LOAD C:/Program Files (x86)/Atmel/Studio/7.0/Packs/atmel/ATmega_DFP/1.1.130/gcc/dev/atmega328p/avr5/crtatmega328p.o
LOAD src/arduino/cores/arduino/avr-libc/malloc.o
LOAD src/arduino/cores/arduino/avr-libc/realloc.o
LOAD src/arduino/cores/arduino/CDC.o
LOAD src/arduino/cores/arduino/HardwareSerial.o
LOAD src/arduino/cores/arduino/HID.o
LOAD src/arduino/cores/arduino/IPAddress.o
LOAD src/arduino/cores/arduino/main.o
LOAD src/arduino/cores/arduino/new.o
LOAD src/arduino/cores/arduino/Print.o
LOAD src/arduino/cores/arduino/Stream.o
LOAD src/arduino/cores/arduino/Tone.o
LOAD src/arduino/cores/arduino/USBCore.o
LOAD src/arduino/cores/arduino/WInterrupts.o
LOAD src/arduino/cores/arduino/wiring.o
LOAD src/arduino/cores/arduino/wiring_analog.o
LOAD src/arduino/cores/arduino/wiring_digital.o
LOAD src/arduino/cores/arduino/wiring_pulse.o
LOAD src/arduino/cores/arduino/wiring_shift.o
LOAD src/arduino/cores/arduino/WMath.o
LOAD src/arduino/cores/arduino/WString.o
LOAD src/ProjectFiles/ProjectMain.o
START GROUP
LOAD c:/program files (x86)/atmel/studio/7.0/toolchain/avr8/avr8-gnu-toolchain/bin/../lib/gcc/avr/4.9.2/../../../../avr/lib/avr5\libm.a
END GROUP
LOAD c:/program files (x86)/atmel/studio/7.0/toolchain/avr8/avr8-gnu-toolchain/bin/../lib/gcc/avr/4.9.2/avr5\libgcc.a
LOAD c:/program files (x86)/atmel/studio/7.0/toolchain/avr8/avr8-gnu-toolchain/bin/../lib/gcc/avr/4.9.2/../../../../avr/lib/avr5\libm.a
START GROUP
LOAD c:/program files (x86)/atmel/studio/7.0/toolchain/avr8/avr8-gnu-toolchain/bin/../lib/gcc/avr/4.9.2/avr5\libgcc.a
LOAD c:/program files (x86)/atmel/studio/7.0/toolchain/avr8/avr8-gnu-toolchain/bin/../lib/gcc/avr/4.9.2/../../../../avr/lib/avr5\libm.a
LOAD c:/program files (x86)/atmel/studio/7.0/toolchain/avr8/avr8-gnu-toolchain/bin/../lib/gcc/avr/4.9.2/../../../../avr/lib/avr5\libc.a
LOAD C:/Program Files (x86)/Atmel/Studio/7.0/Packs/atmel/ATmega_DFP/1.1.130/gcc/dev/atmega328p/avr5\libatmega328p.a
END GROUP
                0x00020000                __TEXT_REGION_LENGTH__ = DEFINED (__TEXT_REGION_LENGTH__)?__TEXT_REGION_LENGTH__:0x20000
                0x0000ffa0                __DATA_REGION_LENGTH__ = DEFINED (__DATA_REGION_LENGTH__)?__DATA_REGION_LENGTH__:0xffa0
                0x00010000                __EEPROM_REGION_LENGTH__ = DEFINED (__EEPROM_REGION_LENGTH__)?__EEPROM_REGION_LENGTH__:0x10000
                [0x00000003]                __FUSE_REGION_LENGTH__ = DEFINED (__FUSE_REGION_LENGTH__)?__FUSE_REGION_LENGTH__:0x400
                0x00000400                __LOCK_REGION_LENGTH__ = DEFINED (__LOCK_REGION_LENGTH__)?__LOCK_REGION_LENGTH__:0x400
                0x00000400                __SIGNATURE_REGION_LENGTH__ = DEFINED (__SIGNATURE_REGION_LENGTH__)?__SIGNATURE_REGION_LENGTH__:0x400
                0x00000400                __USER_SIGNATURE_REGION_LENGTH__ = DEFINED (__USER_SIGNATURE_REGION_LENGTH__)?__USER_SIGNATURE_REGION_LENGTH__:0x400

.hash
 *(.hash)

.dynsym
 *(.dynsym)

.dynstr
 *(.dynstr)

.gnu.version
 *(.gnu.version)

.gnu.version_d
 *(.gnu.version_d)

.gnu.version_r
 *(.gnu.version_r)

.rel.init
 *(.rel.init)

.rela.init
 *(.rela.init)

.rel.text
 *(.rel.text)
 *(.rel.text.*)
 *(.rel.gnu.linkonce.t*)

.rela.text
 *(.rela.text)
 *(.rela.text.*)
 *(.rela.gnu.linkonce.t*)

.rel.fini
 *(.rel.fini)

.rela.fini
 *(.rela.fini)

.rel.rodata
 *(.rel.rodata)
 *(.rel.rodata.*)
 *(.rel.gnu.linkonce.r*)

.rela.rodata
 *(.rela.rodata)
 *(.rela.rodata.*)
 *(.rela.gnu.linkonce.r*)

.rel.data
 *(.rel.data)
 *(.rel.data.*)
 *(.rel.gnu.linkonce.d*)

.rela.data
 *(.rela.data)
 *(.rela.data.*)
 *(.rela.gnu.linkonce.d*)

.rel.ctors
 *(.rel.ctors)

.rela.ctors
 *(.rela.ctors)

.rel.dtors
 *(.rel.dtors)

.rela.dtors
 *(.rela.dtors)

.rel.got
 *(.rel.got)

.rela.got
 *(.rela.got)

.rel.bss
 *(.rel.bss)

.rela.bss
 *(.rela.bss)

.rel.plt
 *(.rel.plt)

.rela.plt
 *(.rela.plt)

.text           0x00000000      0xd02
 *(.vectors)
 .vectors       0x00000000       0x68 C:/Program Files (x86)/Atmel/Studio/7.0/Packs/atmel/ATmega_DFP/1.1.130/gcc/dev/atmega328p/avr5/crtatmega328p.o
                0x00000000                __vector_default
                0x00000000                __vectors
 *(.vectors)
 *(.progmem.gcc*)
                0x00000068                . = ALIGN (0x2)
                0x00000068                __trampolines_start = .
 *(.trampolines)
 .trampolines   0x00000068        0x0 linker stubs
 *(.trampolines*)
                0x00000068                __trampolines_end = .
 *libprintf_flt.a:*(.progmem.data)
 *libc.a:*(.progmem.data)
 *(.progmem*)
 .progmem.data._ZL21tone_pin_to_timer_PGM
                0x00000068        0x1 src/arduino/cores/arduino/Tone.o
 .progmem.data.digital_pin_to_timer_PGM
                0x00000069       0x14 src/arduino/cores/arduino/wiring_digital.o
                0x00000069                digital_pin_to_timer_PGM
 .progmem.data.digital_pin_to_bit_mask_PGM
                0x0000007d       0x14 src/arduino/cores/arduino/wiring_digital.o
                0x0000007d                digital_pin_to_bit_mask_PGM
 .progmem.data.digital_pin_to_port_PGM
                0x00000091       0x14 src/arduino/cores/arduino/wiring_digital.o
                0x00000091                digital_pin_to_port_PGM
 .progmem.data.port_to_output_PGM
                0x000000a5        0xa src/arduino/cores/arduino/wiring_digital.o
                0x000000a5                port_to_output_PGM
 .progmem.data.port_to_mode_PGM
                0x000000af        0xa src/arduino/cores/arduino/wiring_digital.o
                0x000000af                port_to_mode_PGM
                0x000000ba                . = ALIGN (0x2)
 *fill*         0x000000b9        0x1 
 *(.jumptables)
 *(.jumptables*)
 *(.lowtext)
 *(.lowtext*)
                0x000000ba                __ctors_start = .
 *(.ctors)
 .ctors         0x000000ba        0x2 src/arduino/cores/arduino/HardwareSerial.o
 .ctors         0x000000bc        0x2 src/arduino/cores/arduino/IPAddress.o
                0x000000be                __ctors_end = .
                0x000000be                __dtors_start = .
 *(.dtors)
                0x000000be                __dtors_end = .
 SORT(*)(.ctors)
 SORT(*)(.dtors)
 *(.init0)
 .init0         0x000000be        0x0 C:/Program Files (x86)/Atmel/Studio/7.0/Packs/atmel/ATmega_DFP/1.1.130/gcc/dev/atmega328p/avr5/crtatmega328p.o
                0x000000be                __init
 *(.init0)
 *(.init1)
 *(.init1)
 *(.init2)
 .init2         0x000000be        0xc C:/Program Files (x86)/Atmel/Studio/7.0/Packs/atmel/ATmega_DFP/1.1.130/gcc/dev/atmega328p/avr5/crtatmega328p.o
 *(.init2)
 *(.init3)
 *(.init3)
 *(.init4)
 .init4         0x000000ca       0x16 c:/program files (x86)/atmel/studio/7.0/toolchain/avr8/avr8-gnu-toolchain/bin/../lib/gcc/avr/4.9.2/avr5\libgcc.a(_copy_data.o)
                0x000000ca                __do_copy_data
 .init4         0x000000e0       0x10 c:/program files (x86)/atmel/studio/7.0/toolchain/avr8/avr8-gnu-toolchain/bin/../lib/gcc/avr/4.9.2/avr5\libgcc.a(_clear_bss.o)
                0x000000e0                __do_clear_bss
 *(.init4)
 *(.init5)
 *(.init5)
 *(.init6)
 .init6         0x000000f0       0x16 c:/program files (x86)/atmel/studio/7.0/toolchain/avr8/avr8-gnu-toolchain/bin/../lib/gcc/avr/4.9.2/avr5\libgcc.a(_ctors.o)
                0x000000f0                __do_global_ctors
 *(.init6)
 *(.init7)
 *(.init7)
 *(.init8)
 *(.init8)
 *(.init9)
 .init9         0x00000106        0x8 C:/Program Files (x86)/Atmel/Studio/7.0/Packs/atmel/ATmega_DFP/1.1.130/gcc/dev/atmega328p/avr5/crtatmega328p.o
 *(.init9)
 *(.text)
 .text          0x0000010e        0x4 C:/Program Files (x86)/Atmel/Studio/7.0/Packs/atmel/ATmega_DFP/1.1.130/gcc/dev/atmega328p/avr5/crtatmega328p.o
                0x0000010e                __vector_22
                0x0000010e                __vector_24
                0x0000010e                __vector_12
                0x0000010e                __bad_interrupt
                0x0000010e                __vector_6
                0x0000010e                __vector_3
                0x0000010e                __vector_23
                0x0000010e                __vector_25
                0x0000010e                __vector_11
                0x0000010e                __vector_13
                0x0000010e                __vector_17
                0x0000010e                __vector_5
                0x0000010e                __vector_4
                0x0000010e                __vector_9
                0x0000010e                __vector_21
                0x0000010e                __vector_15
                0x0000010e                __vector_8
                0x0000010e                __vector_14
                0x0000010e                __vector_10
                0x0000010e                __vector_20
                0x00000112                . = ALIGN (0x2)
 *(.text.*)
 .text._ZN14HardwareSerial9availableEv
                0x00000112       0x30 src/arduino/cores/arduino/HardwareSerial.o
                0x00000112                _ZN14HardwareSerial9availableEv
 .text._ZN14HardwareSerial4peekEv
                0x00000142       0x32 src/arduino/cores/arduino/HardwareSerial.o
                0x00000142                _ZN14HardwareSerial4peekEv
 .text._ZN14HardwareSerial4readEv
                0x00000174       0x42 src/arduino/cores/arduino/HardwareSerial.o
                0x00000174                _ZN14HardwareSerial4readEv
 .text._ZN14HardwareSerial5flushEv
                0x000001b6       0x16 src/arduino/cores/arduino/HardwareSerial.o
                0x000001b6                _ZN14HardwareSerial5flushEv
 .text._ZN14HardwareSerial5writeEh
                0x000001cc       0x88 src/arduino/cores/arduino/HardwareSerial.o
                0x000001cc                _ZN14HardwareSerial5writeEh
 .text._Z11serialEventv
                0x00000254        0x2 src/arduino/cores/arduino/HardwareSerial.o
                0x00000254                _Z11serialEventv
 .text.__vector_18
                0x00000256       0x7c src/arduino/cores/arduino/HardwareSerial.o
                0x00000256                __vector_18
 .text._Z14serialEventRunv
                0x000002d2       0x12 src/arduino/cores/arduino/HardwareSerial.o
                0x000002d2                _Z14serialEventRunv
 .text.__vector_19
                0x000002e4       0x76 src/arduino/cores/arduino/HardwareSerial.o
                0x000002e4                __vector_19
 .text._ZN14HardwareSerial5beginEm
                0x0000035a      0x110 src/arduino/cores/arduino/HardwareSerial.o
                0x0000035a                _ZN14HardwareSerial5beginEm
 .text._GLOBAL__sub_I_rx_buffer
                0x0000046a       0x76 src/arduino/cores/arduino/HardwareSerial.o
 .text._ZNK9IPAddress7printToER5Print
                0x000004e0       0x84 src/arduino/cores/arduino/IPAddress.o
                0x000004e0                _ZNK9IPAddress7printToER5Print
 .text._GLOBAL__sub_I__ZN9IPAddressC2Ev
                0x00000564       0x16 src/arduino/cores/arduino/IPAddress.o
 .text.initVariant
                0x0000057a        0x2 src/arduino/cores/arduino/main.o
                0x0000057a                initVariant
 .text.main     0x0000057c       0x1e src/arduino/cores/arduino/main.o
                0x0000057c                main
 .text._ZN5Print5writeEPKhj
                0x0000059a       0x5a src/arduino/cores/arduino/Print.o
                0x0000059a                _ZN5Print5writeEPKhj
 .text._ZN5Print5printEPKc
                0x000005f4       0x2c src/arduino/cores/arduino/Print.o
                0x000005f4                _ZN5Print5printEPKc
 .text._ZN5Print5printEc
                0x00000620       0x10 src/arduino/cores/arduino/Print.o
                0x00000620                _ZN5Print5printEc
 .text._ZN5Print7printlnEv
                0x00000630       0x28 src/arduino/cores/arduino/Print.o
                0x00000630                _ZN5Print7printlnEv
 .text._ZN5Print7printlnEPKc
                0x00000658       0x24 src/arduino/cores/arduino/Print.o
                0x00000658                _ZN5Print7printlnEPKc
 .text._ZN5Print11printNumberEmh
                0x0000067c       0xe6 src/arduino/cores/arduino/Print.o
                0x0000067c                _ZN5Print11printNumberEmh
 .text._ZN5Print5printEmi
                0x00000762       0x1e src/arduino/cores/arduino/Print.o
                0x00000762                _ZN5Print5printEmi
 .text._ZN5Print5printEhi
                0x00000780       0x10 src/arduino/cores/arduino/Print.o
                0x00000780                _ZN5Print5printEhi
 .text._Z12disableTimerh
                0x00000790       0x40 src/arduino/cores/arduino/Tone.o
                0x00000790                _Z12disableTimerh
 .text._Z6noToneh
                0x000007d0       0x2e src/arduino/cores/arduino/Tone.o
                0x000007d0                _Z6noToneh
 .text.__vector_7
                0x000007fe       0xb8 src/arduino/cores/arduino/Tone.o
                0x000007fe                __vector_7
 .text.__vector_1
                0x000008b6       0x5a src/arduino/cores/arduino/WInterrupts.o
                0x000008b6                __vector_1
 .text.__vector_2
                0x00000910       0x5a src/arduino/cores/arduino/WInterrupts.o
                0x00000910                __vector_2
 .text.__vector_16
                0x0000096a       0x94 src/arduino/cores/arduino/wiring.o
                0x0000096a                __vector_16
 .text.micros   0x000009fe       0x4c src/arduino/cores/arduino/wiring.o
                0x000009fe                micros
 .text.delay    0x00000a4a       0x54 src/arduino/cores/arduino/wiring.o
                0x00000a4a                delay
 .text.init     0x00000a9e       0x76 src/arduino/cores/arduino/wiring.o
                0x00000a9e                init
 .text.turnOffPWM
                0x00000b14       0x5e src/arduino/cores/arduino/wiring_digital.o
 .text.pinMode  0x00000b72       0x7e src/arduino/cores/arduino/wiring_digital.o
                0x00000b72                pinMode
 .text.digitalWrite
                0x00000bf0       0x62 src/arduino/cores/arduino/wiring_digital.o
                0x00000bf0                digitalWrite
 .text.setup    0x00000c52       0x26 src/ProjectFiles/ProjectMain.o
                0x00000c52                setup
 .text.loop     0x00000c78       0x36 src/ProjectFiles/ProjectMain.o
                0x00000c78                loop
 .text.libgcc.div
                0x00000cae       0x44 c:/program files (x86)/atmel/studio/7.0/toolchain/avr8/avr8-gnu-toolchain/bin/../lib/gcc/avr/4.9.2/avr5\libgcc.a(_udivmodsi4.o)
                0x00000cae                __udivmodsi4
 .text.libgcc   0x00000cf2        0xc c:/program files (x86)/atmel/studio/7.0/toolchain/avr8/avr8-gnu-toolchain/bin/../lib/gcc/avr/4.9.2/avr5\libgcc.a(_tablejump2.o)
                0x00000cf2                __tablejump2__
                0x00000cfe                . = ALIGN (0x2)
 *(.fini9)
 .fini9         0x00000cfe        0x0 c:/program files (x86)/atmel/studio/7.0/toolchain/avr8/avr8-gnu-toolchain/bin/../lib/gcc/avr/4.9.2/avr5\libgcc.a(_exit.o)
                0x00000cfe                _exit
                0x00000cfe                exit
 *(.fini9)
 *(.fini8)
 *(.fini8)
 *(.fini7)
 *(.fini7)
 *(.fini6)
 *(.fini6)
 *(.fini5)
 *(.fini5)
 *(.fini4)
 *(.fini4)
 *(.fini3)
 *(.fini3)
 *(.fini2)
 *(.fini2)
 *(.fini1)
 *(.fini1)
 *(.fini0)
 .fini0         0x00000cfe        0x4 c:/program files (x86)/atmel/studio/7.0/toolchain/avr8/avr8-gnu-toolchain/bin/../lib/gcc/avr/4.9.2/avr5\libgcc.a(_exit.o)
 *(.fini0)
                0x00000d02                _etext = .

.data           0x00800100       0x30 load address 0x00000d02
                0x00800100                PROVIDE (__data_start, .)
 *(.data)
 *(.data*)
 .data._ZL9tone_pins
                0x00800100        0x1 src/arduino/cores/arduino/Tone.o
 *(.rodata)
 *(.rodata*)
 .rodata._ZTV14HardwareSerial
                0x00800101       0x10 src/arduino/cores/arduino/HardwareSerial.o
                0x00800101                _ZTV14HardwareSerial
 .rodata._ZTV9IPAddress
                0x00800111        0x6 src/arduino/cores/arduino/IPAddress.o
                0x00800111                _ZTV9IPAddress
 .rodata.str1.1
                0x00800117       0x19 src/ProjectFiles/ProjectMain.o
 *(.gnu.linkonce.d*)
                0x00800130                . = ALIGN (0x2)
                0x00800130                _edata = .
                0x00800130                PROVIDE (__data_end, .)

.bss            0x00800130       0xc4
                0x00800130                PROVIDE (__bss_start, .)
 *(.bss)
 *(.bss*)
 .bss.Serial    0x00800130       0x22 src/arduino/cores/arduino/HardwareSerial.o
                0x00800130                Serial
 .bss.tx_buffer
                0x00800152       0x44 src/arduino/cores/arduino/HardwareSerial.o
                0x00800152                tx_buffer
 .bss.rx_buffer
                0x00800196       0x44 src/arduino/cores/arduino/HardwareSerial.o
                0x00800196                rx_buffer
 .bss._ZL11INADDR_NONE
                0x008001da        0x6 src/arduino/cores/arduino/IPAddress.o
 .bss.timer2_pin_mask
                0x008001e0        0x1 src/arduino/cores/arduino/Tone.o
                0x008001e0                timer2_pin_mask
 .bss.timer2_pin_port
                0x008001e1        0x2 src/arduino/cores/arduino/Tone.o
                0x008001e1                timer2_pin_port
 .bss.timer2_toggle_count
                0x008001e3        0x4 src/arduino/cores/arduino/Tone.o
                0x008001e3                timer2_toggle_count
 .bss.intFunc   0x008001e7        0x4 src/arduino/cores/arduino/WInterrupts.o
 .bss.timer0_fract
                0x008001eb        0x1 src/arduino/cores/arduino/wiring.o
 .bss.timer0_millis
                0x008001ec        0x4 src/arduino/cores/arduino/wiring.o
                0x008001ec                timer0_millis
 .bss.timer0_overflow_count
                0x008001f0        0x4 src/arduino/cores/arduino/wiring.o
                0x008001f0                timer0_overflow_count
 *(COMMON)
                0x008001f4                PROVIDE (__bss_end, .)
                0x00000d02                __data_load_start = LOADADDR (.data)
                0x00000d32                __data_load_end = (__data_load_start + SIZEOF (.data))

.noinit         0x008001f4        0x0
                [!provide]                PROVIDE (__noinit_start, .)
 *(.noinit*)
                [!provide]                PROVIDE (__noinit_end, .)
                0x008001f4                _end = .
                0x008001f4                PROVIDE (__heap_start, .)

.eeprom         0x00810000        0x0
 *(.eeprom*)
                0x00810000                __eeprom_end = .

.fuse
 *(.fuse)
 *(.lfuse)
 *(.hfuse)
 *(.efuse)

.lock
 *(.lock*)

.signature
 *(.signature*)

.user_signatures
 *(.user_signatures*)

.stab
 *(.stab)

.stabstr
 *(.stabstr)

.stab.excl
 *(.stab.excl)

.stab.exclstr
 *(.stab.exclstr)

.stab.index
 *(.stab.index)

.stab.indexstr
 *(.stab.indexstr)

.comment        0x00000000       0x30
 *(.comment)
 .comment       0x00000000       0x30 src/arduino/cores/arduino/HardwareSerial.o
                                 0x31 (size before relaxing)
 .comment       0x00000030       0x31 src/arduino/cores/arduino/IPAddress.o
 .comment       0x00000030       0x31 src/arduino/cores/arduino/main.o
 .comment       0x00000030       0x31 src/arduino/cores/arduino/Print.o
 .comment       0x00000030       0x31 src/arduino/cores/arduino/Tone.o
 .comment       0x00000030       0x31 src/arduino/cores/arduino/WInterrupts.o
 .comment       0x00000030       0x31 src/arduino/cores/arduino/wiring.o
 .comment       0x00000030       0x31 src/arduino/cores/arduino/wiring_digital.o
 .comment       0x00000030       0x31 src/ProjectFiles/ProjectMain.o

.note.gnu.avr.deviceinfo
                0x00000000       0x40
 .note.gnu.avr.deviceinfo
                0x00000000       0x40 C:/Program Files (x86)/Atmel/Studio/7.0/Packs/atmel/ATmega_DFP/1.1.130/gcc/dev/atmega328p/avr5/crtatmega328p.o

.note.gnu.build-id
 *(.note.gnu.build-id)

.debug
 *(.debug)

.line
 *(.line)

.debug_srcinfo
 *(.debug_srcinfo)

.debug_sfnames
 *(.debug_sfnames)

.debug_aranges  0x00000000      0x320
 *(.debug_aranges)
 .debug_aranges
                0x00000000       0x90 src/arduino/cores/arduino/HardwareSerial.o
 .debug_aranges
                0x00000090       0x60 src/arduino/cores/arduino/IPAddress.o
 .debug_aranges
                0x000000f0       0x30 src/arduino/cores/arduino/main.o
 .debug_aranges
                0x00000120       0xe8 src/arduino/cores/arduino/Print.o
 .debug_aranges
                0x00000208       0x38 src/arduino/cores/arduino/Tone.o
 .debug_aranges
                0x00000240       0x38 src/arduino/cores/arduino/WInterrupts.o
 .debug_aranges
                0x00000278       0x48 src/arduino/cores/arduino/wiring.o
 .debug_aranges
                0x000002c0       0x38 src/arduino/cores/arduino/wiring_digital.o
 .debug_aranges
                0x000002f8       0x28 src/ProjectFiles/ProjectMain.o

.debug_pubnames
 *(.debug_pubnames)

.debug_info     0x00000000     0x6861
 *(.debug_info .gnu.linkonce.wi.*)
 .debug_info    0x00000000      0x5f4 C:/Program Files (x86)/Atmel/Studio/7.0/Packs/atmel/ATmega_DFP/1.1.130/gcc/dev/atmega328p/avr5/crtatmega328p.o
 .debug_info    0x000005f4     0x1c8c src/arduino/cores/arduino/HardwareSerial.o
 .debug_info    0x00002280      0x968 src/arduino/cores/arduino/IPAddress.o
 .debug_info    0x00002be8      0x1e9 src/arduino/cores/arduino/main.o
 .debug_info    0x00002dd1     0x259e src/arduino/cores/arduino/Print.o
 .debug_info    0x0000536f      0x738 src/arduino/cores/arduino/Tone.o
 .debug_info    0x00005aa7      0x1f9 src/arduino/cores/arduino/WInterrupts.o
 .debug_info    0x00005ca0      0x2a1 src/arduino/cores/arduino/wiring.o
 .debug_info    0x00005f41      0x5cf src/arduino/cores/arduino/wiring_digital.o
 .debug_info    0x00006510      0x351 src/ProjectFiles/ProjectMain.o

.debug_abbrev   0x00000000     0x194f
 *(.debug_abbrev)
 .debug_abbrev  0x00000000      0x5a2 C:/Program Files (x86)/Atmel/Studio/7.0/Packs/atmel/ATmega_DFP/1.1.130/gcc/dev/atmega328p/avr5/crtatmega328p.o
 .debug_abbrev  0x000005a2      0x50e src/arduino/cores/arduino/HardwareSerial.o
 .debug_abbrev  0x00000ab0      0x321 src/arduino/cores/arduino/IPAddress.o
 .debug_abbrev  0x00000dd1       0xd7 src/arduino/cores/arduino/main.o
 .debug_abbrev  0x00000ea8      0x3a7 src/arduino/cores/arduino/Print.o
 .debug_abbrev  0x0000124f      0x261 src/arduino/cores/arduino/Tone.o
 .debug_abbrev  0x000014b0       0xe6 src/arduino/cores/arduino/WInterrupts.o
 .debug_abbrev  0x00001596      0x134 src/arduino/cores/arduino/wiring.o
 .debug_abbrev  0x000016ca      0x149 src/arduino/cores/arduino/wiring_digital.o
 .debug_abbrev  0x00001813      0x13c src/ProjectFiles/ProjectMain.o

.debug_line     0x00000000     0x1daa
 *(.debug_line .debug_line.* .debug_line_end)
 .debug_line    0x00000000      0x133 C:/Program Files (x86)/Atmel/Studio/7.0/Packs/atmel/ATmega_DFP/1.1.130/gcc/dev/atmega328p/avr5/crtatmega328p.o
 .debug_line    0x00000133      0x565 src/arduino/cores/arduino/HardwareSerial.o
 .debug_line    0x00000698      0x2cd src/arduino/cores/arduino/IPAddress.o
 .debug_line    0x00000965      0x15e src/arduino/cores/arduino/main.o
 .debug_line    0x00000ac3      0x667 src/arduino/cores/arduino/Print.o
 .debug_line    0x0000112a      0x407 src/arduino/cores/arduino/Tone.o
 .debug_line    0x00001531      0x1ac src/arduino/cores/arduino/WInterrupts.o
 .debug_line    0x000016dd      0x287 src/arduino/cores/arduino/wiring.o
 .debug_line    0x00001964      0x267 src/arduino/cores/arduino/wiring_digital.o
 .debug_line    0x00001bcb      0x1df src/ProjectFiles/ProjectMain.o

.debug_frame    0x00000000      0xa40
 *(.debug_frame)
 .debug_frame   0x00000000      0x208 src/arduino/cores/arduino/HardwareSerial.o
 .debug_frame   0x00000208       0xe8 src/arduino/cores/arduino/IPAddress.o
 .debug_frame   0x000002f0       0x44 src/arduino/cores/arduino/main.o
 .debug_frame   0x00000334      0x3bc src/arduino/cores/arduino/Print.o
 .debug_frame   0x000006f0      0x100 src/arduino/cores/arduino/Tone.o
 .debug_frame   0x000007f0       0xe4 src/arduino/cores/arduino/WInterrupts.o
 .debug_frame   0x000008d4       0xbc src/arduino/cores/arduino/wiring.o
 .debug_frame   0x00000990       0x7c src/arduino/cores/arduino/wiring_digital.o
 .debug_frame   0x00000a0c       0x34 src/ProjectFiles/ProjectMain.o

.debug_str      0x00000000     0x1c70
 *(.debug_str)
 .debug_str     0x00000000      0x208 C:/Program Files (x86)/Atmel/Studio/7.0/Packs/atmel/ATmega_DFP/1.1.130/gcc/dev/atmega328p/avr5/crtatmega328p.o
 .debug_str     0x00000208      0xff7 src/arduino/cores/arduino/HardwareSerial.o
                               0x10d6 (size before relaxing)
 .debug_str     0x000011ff      0x263 src/arduino/cores/arduino/IPAddress.o
                                0x4dc (size before relaxing)
 .debug_str     0x00001462       0x4e src/arduino/cores/arduino/main.o
                                0x21f (size before relaxing)
 .debug_str     0x000014b0      0x391 src/arduino/cores/arduino/Print.o
                                0xe50 (size before relaxing)
 .debug_str     0x00001841      0x1c1 src/arduino/cores/arduino/Tone.o
                                0x3ab (size before relaxing)
 .debug_str     0x00001a02      0x139 src/arduino/cores/arduino/WInterrupts.o
                                0x1fd (size before relaxing)
 .debug_str     0x00001b3b       0x90 src/arduino/cores/arduino/wiring.o
                                0x209 (size before relaxing)
 .debug_str     0x00001bcb       0x81 src/arduino/cores/arduino/wiring_digital.o
                                0x27d (size before relaxing)
 .debug_str     0x00001c4c       0x24 src/ProjectFiles/ProjectMain.o
                                0x28b (size before relaxing)

.debug_loc      0x00000000     0x3ddc
 *(.debug_loc)
 .debug_loc     0x00000000      0x70d src/arduino/cores/arduino/HardwareSerial.o
 .debug_loc     0x0000070d      0x2c0 src/arduino/cores/arduino/IPAddress.o
 .debug_loc     0x000009cd       0x26 src/arduino/cores/arduino/main.o
 .debug_loc     0x000009f3     0x1e70 src/arduino/cores/arduino/Print.o
 .debug_loc     0x00002863      0xb77 src/arduino/cores/arduino/Tone.o
 .debug_loc     0x000033da      0x214 src/arduino/cores/arduino/WInterrupts.o
 .debug_loc     0x000035ee      0x22a src/arduino/cores/arduino/wiring.o
 .debug_loc     0x00003818      0x5c4 src/arduino/cores/arduino/wiring_digital.o

.debug_macinfo
 *(.debug_macinfo)

.debug_weaknames
 *(.debug_weaknames)

.debug_funcnames
 *(.debug_funcnames)

.debug_typenames
 *(.debug_typenames)

.debug_varnames
 *(.debug_varnames)

.debug_pubtypes
 *(.debug_pubtypes)

.debug_ranges   0x00000000      0x2d8
 *(.debug_ranges)
 .debug_ranges  0x00000000       0x80 src/arduino/cores/arduino/HardwareSerial.o
 .debug_ranges  0x00000080       0x50 src/arduino/cores/arduino/IPAddress.o
 .debug_ranges  0x000000d0       0x20 src/arduino/cores/arduino/main.o
 .debug_ranges  0x000000f0       0xf0 src/arduino/cores/arduino/Print.o
 .debug_ranges  0x000001e0       0x58 src/arduino/cores/arduino/Tone.o
 .debug_ranges  0x00000238       0x28 src/arduino/cores/arduino/WInterrupts.o
 .debug_ranges  0x00000260       0x38 src/arduino/cores/arduino/wiring.o
 .debug_ranges  0x00000298       0x28 src/arduino/cores/arduino/wiring_digital.o
 .debug_ranges  0x000002c0       0x18 src/ProjectFiles/ProjectMain.o

.debug_macro
 *(.debug_macro)
OUTPUT(ArduinoUNO.elf elf32-avr)
LOAD linker stubs
