Archive member included to satisfy reference by file (symbol)

c:/program files (x86)/atmel/studio/7.0/toolchain/avr8/avr8-gnu-toolchain/bin/../lib/gcc/avr/4.9.2/../../../../avr/lib/avr5\libm.a(addsf3.o)
                              src/arduino/cores/arduino/Print.o (__subsf3)
c:/program files (x86)/atmel/studio/7.0/toolchain/avr8/avr8-gnu-toolchain/bin/../lib/gcc/avr/4.9.2/../../../../avr/lib/avr5\libm.a(addsf3x.o)
                              c:/program files (x86)/atmel/studio/7.0/toolchain/avr8/avr8-gnu-toolchain/bin/../lib/gcc/avr/4.9.2/../../../../avr/lib/avr5\libm.a(addsf3.o) (__addsf3x)
c:/program files (x86)/atmel/studio/7.0/toolchain/avr8/avr8-gnu-toolchain/bin/../lib/gcc/avr/4.9.2/../../../../avr/lib/avr5\libm.a(cmpsf2.o)
                              src/arduino/cores/arduino/Print.o (__ltsf2)
c:/program files (x86)/atmel/studio/7.0/toolchain/avr8/avr8-gnu-toolchain/bin/../lib/gcc/avr/4.9.2/../../../../avr/lib/avr5\libm.a(divsf3.o)
                              src/arduino/cores/arduino/Print.o (__divsf3)
c:/program files (x86)/atmel/studio/7.0/toolchain/avr8/avr8-gnu-toolchain/bin/../lib/gcc/avr/4.9.2/../../../../avr/lib/avr5\libm.a(divsf3x.o)
                              c:/program files (x86)/atmel/studio/7.0/toolchain/avr8/avr8-gnu-toolchain/bin/../lib/gcc/avr/4.9.2/../../../../avr/lib/avr5\libm.a(divsf3.o) (__divsf3x)
c:/program files (x86)/atmel/studio/7.0/toolchain/avr8/avr8-gnu-toolchain/bin/../lib/gcc/avr/4.9.2/../../../../avr/lib/avr5\libm.a(fixsfsi.o)
                              src/arduino/cores/arduino/Print.o (__fixsfsi)
c:/program files (x86)/atmel/studio/7.0/toolchain/avr8/avr8-gnu-toolchain/bin/../lib/gcc/avr/4.9.2/../../../../avr/lib/avr5\libm.a(fixunssfsi.o)
                              src/arduino/cores/arduino/Print.o (__fixunssfsi)
c:/program files (x86)/atmel/studio/7.0/toolchain/avr8/avr8-gnu-toolchain/bin/../lib/gcc/avr/4.9.2/../../../../avr/lib/avr5\libm.a(floatsisf.o)
                              src/arduino/cores/arduino/Print.o (__floatunsisf)
c:/program files (x86)/atmel/studio/7.0/toolchain/avr8/avr8-gnu-toolchain/bin/../lib/gcc/avr/4.9.2/../../../../avr/lib/avr5\libm.a(fp_cmp.o)
                              c:/program files (x86)/atmel/studio/7.0/toolchain/avr8/avr8-gnu-toolchain/bin/../lib/gcc/avr/4.9.2/../../../../avr/lib/avr5\libm.a(cmpsf2.o) (__fp_cmp)
c:/program files (x86)/atmel/studio/7.0/toolchain/avr8/avr8-gnu-toolchain/bin/../lib/gcc/avr/4.9.2/../../../../avr/lib/avr5\libm.a(fp_inf.o)
                              c:/program files (x86)/atmel/studio/7.0/toolchain/avr8/avr8-gnu-toolchain/bin/../lib/gcc/avr/4.9.2/../../../../avr/lib/avr5\libm.a(addsf3x.o) (__fp_inf)
c:/program files (x86)/atmel/studio/7.0/toolchain/avr8/avr8-gnu-toolchain/bin/../lib/gcc/avr/4.9.2/../../../../avr/lib/avr5\libm.a(fp_nan.o)
                              c:/program files (x86)/atmel/studio/7.0/toolchain/avr8/avr8-gnu-toolchain/bin/../lib/gcc/avr/4.9.2/../../../../avr/lib/avr5\libm.a(addsf3x.o) (__fp_nan)
c:/program files (x86)/atmel/studio/7.0/toolchain/avr8/avr8-gnu-toolchain/bin/../lib/gcc/avr/4.9.2/../../../../avr/lib/avr5\libm.a(fp_pscA.o)
                              c:/program files (x86)/atmel/studio/7.0/toolchain/avr8/avr8-gnu-toolchain/bin/../lib/gcc/avr/4.9.2/../../../../avr/lib/avr5\libm.a(addsf3x.o) (__fp_pscA)
c:/program files (x86)/atmel/studio/7.0/toolchain/avr8/avr8-gnu-toolchain/bin/../lib/gcc/avr/4.9.2/../../../../avr/lib/avr5\libm.a(fp_pscB.o)
                              c:/program files (x86)/atmel/studio/7.0/toolchain/avr8/avr8-gnu-toolchain/bin/../lib/gcc/avr/4.9.2/../../../../avr/lib/avr5\libm.a(addsf3x.o) (__fp_pscB)
c:/program files (x86)/atmel/studio/7.0/toolchain/avr8/avr8-gnu-toolchain/bin/../lib/gcc/avr/4.9.2/../../../../avr/lib/avr5\libm.a(fp_round.o)
                              c:/program files (x86)/atmel/studio/7.0/toolchain/avr8/avr8-gnu-toolchain/bin/../lib/gcc/avr/4.9.2/../../../../avr/lib/avr5\libm.a(addsf3.o) (__fp_round)
c:/program files (x86)/atmel/studio/7.0/toolchain/avr8/avr8-gnu-toolchain/bin/../lib/gcc/avr/4.9.2/../../../../avr/lib/avr5\libm.a(fp_split3.o)
                              c:/program files (x86)/atmel/studio/7.0/toolchain/avr8/avr8-gnu-toolchain/bin/../lib/gcc/avr/4.9.2/../../../../avr/lib/avr5\libm.a(addsf3x.o) (__fp_split3)
c:/program files (x86)/atmel/studio/7.0/toolchain/avr8/avr8-gnu-toolchain/bin/../lib/gcc/avr/4.9.2/../../../../avr/lib/avr5\libm.a(fp_zero.o)
                              c:/program files (x86)/atmel/studio/7.0/toolchain/avr8/avr8-gnu-toolchain/bin/../lib/gcc/avr/4.9.2/../../../../avr/lib/avr5\libm.a(addsf3x.o) (__fp_zero)
c:/program files (x86)/atmel/studio/7.0/toolchain/avr8/avr8-gnu-toolchain/bin/../lib/gcc/avr/4.9.2/../../../../avr/lib/avr5\libm.a(gesf2.o)
                              src/arduino/cores/arduino/Print.o (__gtsf2)
c:/program files (x86)/atmel/studio/7.0/toolchain/avr8/avr8-gnu-toolchain/bin/../lib/gcc/avr/4.9.2/../../../../avr/lib/avr5\libm.a(mulsf3.o)
[...]
Memory Configuration

Name             Origin             Length             Attributes
text             0x00000000         0x00020000         xr
data             0x00800060         0x0000ffa0         rw !x
eeprom           0x00810000         0x00010000         rw !x
fuse             0x00820000         0x00000003         rw !x
lock             0x00830000         0x00000400         rw !x
signature        0x00840000         0x00000400         rw !x
user_signatures  0x00850000         0x00000400         rw !x
*default*        0x00000000         0xffffffff

Linker script and memory map

Address of section .data set to 0x800100
LOAD C:/Program Files (x86)/Atmel/Studio/7.0/Packs/atmel/ATmega_DFP/1.1.130/gcc/dev/atmega328pb/avr5/crtatmega328pb.o
LOAD src/arduino/cores/arduino/avr-libc/malloc.o
LOAD src/arduino/cores/arduino/avr-libc/realloc.o
LOAD src/arduino/cores/arduino/CDC.o
LOAD src/arduino/cores/arduino/HardwareSerial.o
LOAD src/arduino/cores/arduino/HID.o
LOAD src/arduino/cores/arduino/IPAddress.o
LOAD src/arduino/cores/arduino/main.o
LOAD src/arduino/cores/arduino/new.o
LOAD src/arduino/cores/arduino/Print.o
LOAD src/arduino/cores/arduino/Stream.o
LOAD src/arduino/cores/arduino/Tone.o
LOAD src/arduino/cores/arduino/USBCore.o
LOAD src/arduino/cores/arduino/WInterrupts.o
LOAD src/arduino/cores/arduino/wiring.o
LOAD src/arduino/cores/arduino/wiring_analog.o
LOAD src/arduino/cores/arduino/wiring_digital.o
LOAD src/arduino/cores/arduino/wiring_pulse.o
LOAD src/arduino/cores/arduino/wiring_shift.o
LOAD src/arduino/cores/arduino/WMath.o
LOAD src/arduino/cores/arduino/WString.o
LOAD src/arduino/libraries/Adafruit_VC0706/src/Adafruit_VC0706.o
LOAD src/arduino/libraries/SD/src/File.o
LOAD src/arduino/libraries/SD/src/SD.o
LOAD src/arduino/libraries/SD/src/utility/Sd2Card.o
LOAD src/arduino/libraries/SD/src/utility/SdFile.o
LOAD src/arduino/libraries/SD/src/utility/SdVolume.o
LOAD src/arduino/libraries/SoftwareSerial/SoftwareSerial.o
LOAD src/arduino/libraries/SPI/src/SPI.o
LOAD src/ProjectFiles/ioe.o
LOAD src/ProjectFiles/main.o
START GROUP
LOAD c:/program files (x86)/atmel/studio/7.0/toolchain/avr8/avr8-gnu-toolchain/bin/../lib/gcc/avr/4.9.2/../../../../avr/lib/avr5\libm.a
END GROUP
LOAD c:/program files (x86)/atmel/studio/7.0/toolchain/avr8/avr8-gnu-toolchain/bin/../lib/gcc/avr/4.9.2/avr5\libgcc.a
LOAD c:/program files (x86)/atmel/studio/7.0/toolchain/avr8/avr8-gnu-toolchain/bin/../lib/gcc/avr/4.9.2/../../../../avr/lib/avr5\libm.a
START GROUP
LOAD c:/program files (x86)/atmel/studio/7.0/toolchain/avr8/avr8-gnu-toolchain/bin/../lib/gcc/avr/4.9.2/avr5\libgcc.a
LOAD c:/program files (x86)/atmel/studio/7.0/toolchain/avr8/avr8-gnu-toolchain/bin/../lib/gcc/avr/4.9.2/../../../../avr/lib/avr5\libm.a
LOAD c:/program files (x86)/atmel/studio/7.0/toolchain/avr8/avr8-gnu-toolchain/bin/../lib/gcc/avr/4.9.2/../../../../avr/lib/avr5\libc.a
LOAD C:/Program Files (x86)/Atmel/Studio/7.0/Packs/atmel/ATmega_DFP/1.1.130/gcc/dev/atmega328pb/avr5\libatmega328pb.a
END GROUP
                0x00020000                __TEXT_REGION_LENGTH__ = DEFINED (__TEXT_REGION_LENGTH__)?__TEXT_REGION_LENGTH__:0x20000
                0x0000ffa0                __DATA_REGION_LENGTH__ = DEFINED (__DATA_REGION_LENGTH__)?__DATA_REGION_LENGTH__:0xffa0
                0x00010000                __EEPROM_REGION_LENGTH__ = DEFINED (__EEPROM_REGION_LENGTH__)?__EEPROM_REGION_LENGTH__:0x10000
                [0x00000003]                __FUSE_REGION_LENGTH__ = DEFINED (__FUSE_REGION_LENGTH__)?__FUSE_REGION_LENGTH__:0x400
                0x00000400                __LOCK_REGION_LENGTH__ = DEFINED (__LOCK_REGION_LENGTH__)?__LOCK_REGION_LENGTH__:0x400
                0x00000400                __SIGNATURE_REGION_LENGTH__ = DEFINED (__SIGNATURE_REGION_LENGTH__)?__SIGNATURE_REGION_LENGTH__:0x400
                0x00000400                __USER_SIGNATURE_REGION_LENGTH__ = DEFINED (__USER_SIGNATURE_REGION_LENGTH__)?__USER_SIGNATURE_REGION_LENGTH__:0x400

.hash
 *(.hash)

.dynsym
 *(.dynsym)

.dynstr
 *(.dynstr)

.gnu.version
 *(.gnu.version)

.gnu.version_d
 *(.gnu.version_d)

.gnu.version_r
 *(.gnu.version_r)

.rel.init
 *(.rel.init)

.rela.init
 *(.rela.init)

.rel.text
 *(.rel.text)
 *(.rel.text.*)
 *(.rel.gnu.linkonce.t*)

.rela.text
 *(.rela.text)
 *(.rela.text.*)
 *(.rela.gnu.linkonce.t*)

.rel.fini
 *(.rel.fini)

.rela.fini
 *(.rela.fini)

.rel.rodata
 *(.rel.rodata)
 *(.rel.rodata.*)
 *(.rel.gnu.linkonce.r*)

.rela.rodata
 *(.rela.rodata)
 *(.rela.rodata.*)
 *(.rela.gnu.linkonce.r*)

.rel.data
 *(.rel.data)
 *(.rel.data.*)
 *(.rel.gnu.linkonce.d*)

.rela.data
 *(.rela.data)
 *(.rela.data.*)
 *(.rela.gnu.linkonce.d*)

.rel.ctors
 *(.rel.ctors)

.rela.ctors
 *(.rela.ctors)

.rel.dtors
 *(.rel.dtors)

.rela.dtors
 *(.rela.dtors)

.rel.got
 *(.rel.got)

.rela.got
 *(.rela.got)

.rel.bss
 *(.rel.bss)

.rela.bss
 *(.rela.bss)

.rel.plt
 *(.rel.plt)

.rela.plt
 *(.rela.plt)

.text           0x00000000     0x221a
 *(.vectors)
 .vectors       0x00000000       0xb4 C:/Program Files (x86)/Atmel/Studio/7.0/Packs/atmel/ATmega_DFP/1.1.130/gcc/dev/atmega328pb/avr5/crtatmega328pb.o
                0x00000000                __vector_default
                0x00000000                __vectors
 *(.vectors)
 *(.progmem.gcc*)
 .progmem.gcc_sw_table.turnOffPWM
                0x000000b4       0x18 src/arduino/cores/arduino/wiring_digital.o
                0x000000cc                . = ALIGN (0x2)
                0x000000cc                __trampolines_start = .
 *(.trampolines)
 .trampolines   0x000000cc        0x0 linker stubs
 *(.trampolines*)
                0x000000cc                __trampolines_end = .
 *libprintf_flt.a:*(.progmem.data)
 *libc.a:*(.progmem.data)
 *(.progmem*)
 .progmem.data._ZL21tone_pin_to_timer_PGM
                0x000000cc        0x1 src/arduino/cores/arduino/Tone.o
 .progmem.data.digital_pin_to_timer_PGM
                0x000000cd       0x14 src/arduino/cores/arduino/wiring_digital.o
                0x000000cd                digital_pin_to_timer_PGM
 .progmem.data.digital_pin_to_bit_mask_PGM
                0x000000e1       0x14 src/arduino/cores/arduino/wiring_digital.o
                0x000000e1                digital_pin_to_bit_mask_PGM
 .progmem.data.digital_pin_to_port_PGM
                0x000000f5       0x14 src/arduino/cores/arduino/wiring_digital.o
                0x000000f5                digital_pin_to_port_PGM
 .progmem.data.port_to_output_PGM
                0x00000109        0xa src/arduino/cores/arduino/wiring_digital.o
                0x00000109                port_to_output_PGM
 .progmem.data.port_to_mode_PGM
                0x00000113        0xa src/arduino/cores/arduino/wiring_digital.o
                0x00000113                port_to_mode_PGM
                0x0000011e                . = ALIGN (0x2)
 *fill*         0x0000011d        0x1 
 *(.jumptables)
 *(.jumptables*)
 *(.lowtext)
 *(.lowtext*)
                0x0000011e                __ctors_start = .
 *(.ctors)
 .ctors         0x0000011e        0x2 src/arduino/cores/arduino/HardwareSerial.o
 .ctors         0x00000120        0x2 src/arduino/cores/arduino/IPAddress.o
 .ctors         0x00000122        0x2 src/arduino/libraries/SD/src/SD.o
 .ctors         0x00000124        0x2 src/arduino/libraries/SD/src/utility/Sd2Card.o
                0x00000126                __ctors_end = .
                0x00000126                __dtors_start = .
 *(.dtors)
                0x00000126                __dtors_end = .
 SORT(*)(.ctors)
 SORT(*)(.dtors)
 *(.init0)
 .init0         0x00000126        0x0 C:/Program Files (x86)/Atmel/Studio/7.0/Packs/atmel/ATmega_DFP/1.1.130/gcc/dev/atmega328pb/avr5/crtatmega328pb.o
                0x00000126                __init
 *(.init0)
 *(.init1)
 *(.init1)
 *(.init2)
 .init2         0x00000126        0xc C:/Program Files (x86)/Atmel/Studio/7.0/Packs/atmel/ATmega_DFP/1.1.130/gcc/dev/atmega328pb/avr5/crtatmega328pb.o
 *(.init2)
 *(.init3)
 *(.init3)
 *(.init4)
 .init4         0x00000132       0x16 c:/program files (x86)/atmel/studio/7.0/toolchain/avr8/avr8-gnu-toolchain/bin/../lib/gcc/avr/4.9.2/avr5\libgcc.a(_copy_data.o)
                0x00000132                __do_copy_data
 .init4         0x00000148       0x10 c:/program files (x86)/atmel/studio/7.0/toolchain/avr8/avr8-gnu-toolchain/bin/../lib/gcc/avr/4.9.2/avr5\libgcc.a(_clear_bss.o)
                0x00000148                __do_clear_bss
 *(.init4)
 *(.init5)
 *(.init5)
 *(.init6)
 .init6         0x00000158       0x16 c:/program files (x86)/atmel/studio/7.0/toolchain/avr8/avr8-gnu-toolchain/bin/../lib/gcc/avr/4.9.2/avr5\libgcc.a(_ctors.o)
                0x00000158                __do_global_ctors
 *(.init6)
 *(.init7)
 *(.init7)
 *(.init8)
 *(.init8)
 *(.init9)
 .init9         0x0000016e        0x8 C:/Program Files (x86)/Atmel/Studio/7.0/Packs/atmel/ATmega_DFP/1.1.130/gcc/dev/atmega328pb/avr5/crtatmega328pb.o
 *(.init9)
 *(.text)
 .text          0x00000176        0x4 C:/Program Files (x86)/Atmel/Studio/7.0/Packs/atmel/ATmega_DFP/1.1.130/gcc/dev/atmega328pb/avr5/crtatmega328pb.o
                0x00000176                __vector_38
                0x00000176                __vector_22
                0x00000176                __vector_32
                0x00000176                __vector_34
                0x00000176                __vector_24
                0x00000176                __vector_12
                0x00000176                __bad_interrupt
                0x00000176                __vector_6
                0x00000176                __vector_31
                0x00000176                __vector_35
                0x00000176                __vector_39
                0x00000176                __vector_23
                0x00000176                __vector_30
                0x00000176                __vector_25
                0x00000176                __vector_11
                0x00000176                __vector_13
                0x00000176                __vector_17
                0x00000176                __vector_41
                0x00000176                __vector_43
                0x00000176                __vector_33
                0x00000176                __vector_37
                0x00000176                __vector_44
                0x00000176                __vector_9
                0x00000176                __vector_21
                0x00000176                __vector_15
                0x00000176                __vector_36
                0x00000176                __vector_40
                0x00000176                __vector_8
                0x00000176                __vector_26
                0x00000176                __vector_14
                0x00000176                __vector_10
                0x00000176                __vector_20
                0x00000176                __vector_42
                0x0000017a                . = ALIGN (0x2)
 *(.text.*)
 .text._ZN14HardwareSerial9availableEv
                0x0000017a       0x30 src/arduino/cores/arduino/HardwareSerial.o
                0x0000017a                _ZN14HardwareSerial9availableEv
 .text._ZN14HardwareSerial4peekEv
                0x000001aa       0x32 src/arduino/cores/arduino/HardwareSerial.o
                0x000001aa                _ZN14HardwareSerial4peekEv
 .text._ZN14HardwareSerial4readEv
                0x000001dc       0x42 src/arduino/cores/arduino/HardwareSerial.o
                0x000001dc                _ZN14HardwareSerial4readEv
 .text._ZN14HardwareSerial5flushEv
                0x0000021e       0x16 src/arduino/cores/arduino/HardwareSerial.o
                0x0000021e                _ZN14HardwareSerial5flushEv
 .text._ZN14HardwareSerial5writeEh
                0x00000234       0x88 src/arduino/cores/arduino/HardwareSerial.o
                0x00000234                _ZN14HardwareSerial5writeEh
 .text._Z11serialEventv
                0x000002bc        0x2 src/arduino/cores/arduino/HardwareSerial.o
                0x000002bc                _Z11serialEventv
 .text.__vector_18
                0x000002be       0x7c src/arduino/cores/arduino/HardwareSerial.o
                0x000002be                __vector_18
 .text._Z12serialEvent1v
                0x0000033a        0x2 src/arduino/cores/arduino/HardwareSerial.o
                0x0000033a                _Z12serialEvent1v
 .text.__vector_28
                0x0000033c       0x7c src/arduino/cores/arduino/HardwareSerial.o
                0x0000033c                __vector_28
 .text._Z14serialEventRunv
                0x000003b8       0x22 src/arduino/cores/arduino/HardwareSerial.o
                0x000003b8                _Z14serialEventRunv
 .text.__vector_19
                0x000003da       0x76 src/arduino/cores/arduino/HardwareSerial.o
                0x000003da                __vector_19
 .text.__vector_29
                0x00000450       0x76 src/arduino/cores/arduino/HardwareSerial.o
                0x00000450                __vector_29
 .text._ZN14HardwareSerial5beginEm
                0x000004c6      0x110 src/arduino/cores/arduino/HardwareSerial.o
                0x000004c6                _ZN14HardwareSerial5beginEm
 .text._GLOBAL__sub_I_rx_buffer
                0x000005d6       0xec src/arduino/cores/arduino/HardwareSerial.o
 .text._ZNK9IPAddress7printToER5Print
                0x000006c2       0x84 src/arduino/cores/arduino/IPAddress.o
                0x000006c2                _ZNK9IPAddress7printToER5Print
 .text._GLOBAL__sub_I__ZN9IPAddressC2Ev
                0x00000746       0x16 src/arduino/cores/arduino/IPAddress.o
 .text.initVariant
                0x0000075c        0x2 src/arduino/cores/arduino/main.o
                0x0000075c                initVariant
 .text.main     0x0000075e       0x1e src/arduino/cores/arduino/main.o
                0x0000075e                main
 .text._ZN5Print5writeEPKhj
                0x0000077c       0x5a src/arduino/cores/arduino/Print.o
                0x0000077c                _ZN5Print5writeEPKhj
 .text._ZN5Print5printEc
                0x000007d6       0x10 src/arduino/cores/arduino/Print.o
                0x000007d6                _ZN5Print5printEc
 .text._ZN5Print11printNumberEmh
                0x000007e6       0xe6 src/arduino/cores/arduino/Print.o
                0x000007e6                _ZN5Print11printNumberEmh
 .text._ZN5Print5printEmi
                0x000008cc       0x1e src/arduino/cores/arduino/Print.o
                0x000008cc                _ZN5Print5printEmi
 .text._ZN5Print5printEhi
                0x000008ea       0x10 src/arduino/cores/arduino/Print.o
                0x000008ea                _ZN5Print5printEhi
 .text._Z12disableTimerh
                0x000008fa       0x5a src/arduino/cores/arduino/Tone.o
                0x000008fa                _Z12disableTimerh
 .text._Z6noToneh
                0x00000954       0x2e src/arduino/cores/arduino/Tone.o
                0x00000954                _Z6noToneh
 .text.__vector_7
                0x00000982       0xb8 src/arduino/cores/arduino/Tone.o
                0x00000982                __vector_7
 .text.__vector_1
                0x00000a3a       0x5a src/arduino/cores/arduino/WInterrupts.o
                0x00000a3a                __vector_1
 .text.__vector_2
                0x00000a94       0x5a src/arduino/cores/arduino/WInterrupts.o
                0x00000a94                __vector_2
 .text.__vector_16
                0x00000aee       0x94 src/arduino/cores/arduino/wiring.o
                0x00000aee                __vector_16
 .text.millis   0x00000b82       0x18 src/arduino/cores/arduino/wiring.o
                0x00000b82                millis
 .text.micros   0x00000b9a       0x4c src/arduino/cores/arduino/wiring.o
                0x00000b9a                micros
 .text.delay    0x00000be6       0x54 src/arduino/cores/arduino/wiring.o
                0x00000be6                delay
 .text.init     0x00000c3a       0xaa src/arduino/cores/arduino/wiring.o
                0x00000c3a                init
 .text.turnOffPWM
                0x00000ce4       0x84 src/arduino/cores/arduino/wiring_digital.o
 .text.pinMode  0x00000d68       0x7e src/arduino/cores/arduino/wiring_digital.o
                0x00000d68                pinMode
 .text.digitalWrite
                0x00000de6       0x62 src/arduino/cores/arduino/wiring_digital.o
                0x00000de6                digitalWrite
 .text._GLOBAL__sub_I__ZN5SDLib20getNextPathComponentEPKcPjPc
                0x00000e48       0x2e src/arduino/libraries/SD/src/SD.o
 .text._ZL7spiSendh
                0x00000e76        0xe src/arduino/libraries/SD/src/utility/Sd2Card.o
 .text._ZL6spiRecv
                0x00000e84       0x10 src/arduino/libraries/SD/src/utility/Sd2Card.o
 .text._ZN7Sd2Card14chipSelectHighEv
                0x00000e94       0x3c src/arduino/libraries/SD/src/utility/Sd2Card.o
                0x00000e94                _ZN7Sd2Card14chipSelectHighEv
 .text._ZN7Sd2Card13chipSelectLowEv
                0x00000ed0       0x54 src/arduino/libraries/SD/src/utility/Sd2Card.o
                0x00000ed0                _ZN7Sd2Card13chipSelectLowEv
 .text._ZN7Sd2Card7readEndEv
                0x00000f24       0x46 src/arduino/libraries/SD/src/utility/Sd2Card.o
                0x00000f24                _ZN7Sd2Card7readEndEv
 .text._ZN7Sd2Card11waitNotBusyEj
                0x00000f6a       0x36 src/arduino/libraries/SD/src/utility/Sd2Card.o
                0x00000f6a                _ZN7Sd2Card11waitNotBusyEj
 .text._ZN7Sd2Card11cardCommandEhm
                0x00000fa0       0x9e src/arduino/libraries/SD/src/utility/Sd2Card.o
                0x00000fa0                _ZN7Sd2Card11cardCommandEhm
 .text._ZN7Sd2Card14waitStartBlockEv
                0x0000103e       0x4e src/arduino/libraries/SD/src/utility/Sd2Card.o
                0x0000103e                _ZN7Sd2Card14waitStartBlockEv
 .text._ZN7Sd2Card8readDataEmjjPh
                0x0000108c      0x10c src/arduino/libraries/SD/src/utility/Sd2Card.o
                0x0000108c                _ZN7Sd2Card8readDataEmjjPh
 .text._ZN7Sd2Card9readBlockEmPh
                0x00001198       0x20 src/arduino/libraries/SD/src/utility/Sd2Card.o
                0x00001198                _ZN7Sd2Card9readBlockEmPh
 .text._ZN7Sd2Card9writeDataEhPKh
                0x000011b8       0x60 src/arduino/libraries/SD/src/utility/Sd2Card.o
                0x000011b8                _ZN7Sd2Card9writeDataEhPKh
 .text._ZN7Sd2Card10writeBlockEmPKh
                0x00001218       0xa8 src/arduino/libraries/SD/src/utility/Sd2Card.o
                0x00001218                _ZN7Sd2Card10writeBlockEmPKh
 .text._GLOBAL__sub_I__ZN7Sd2Card11cardCommandEhm
                0x000012c0        0xc src/arduino/libraries/SD/src/utility/Sd2Card.o
 .text._ZN6SdFile10addClusterEv
                0x000012cc       0x52 src/arduino/libraries/SD/src/utility/SdFile.o
                0x000012cc                _ZN6SdFile10addClusterEv
 .text._ZN6SdFile13cacheDirEntryEh
                0x0000131e       0x32 src/arduino/libraries/SD/src/utility/SdFile.o
                0x0000131e                _ZN6SdFile13cacheDirEntryEh
 .text._ZN6SdFile7seekSetEm
                0x00001350      0x13a src/arduino/libraries/SD/src/utility/SdFile.o
                0x00001350                _ZN6SdFile7seekSetEm
 .text._ZN6SdFile4syncEv
                0x0000148a       0x8e src/arduino/libraries/SD/src/utility/SdFile.o
                0x0000148a                _ZN6SdFile4syncEv
 .text._ZN6SdFile5writeEPKvj
                0x00001518      0x44a src/arduino/libraries/SD/src/utility/SdFile.o
                0x00001518                _ZN6SdFile5writeEPKvj
 .text._ZN6SdFile5writeEh
                0x00001962       0x22 src/arduino/libraries/SD/src/utility/SdFile.o
                0x00001962                _ZN6SdFile5writeEh
 .text._ZN8SdVolume10cacheFlushEv
                0x00001984       0x76 src/arduino/libraries/SD/src/utility/SdVolume.o
                0x00001984                _ZN8SdVolume10cacheFlushEv
 .text._ZN8SdVolume13cacheRawBlockEmh
                0x000019fa       0x72 src/arduino/libraries/SD/src/utility/SdVolume.o
                0x000019fa                _ZN8SdVolume13cacheRawBlockEmh
 .text._ZNK8SdVolume6fatGetEmPm
                0x00001a6c      0x142 src/arduino/libraries/SD/src/utility/SdVolume.o
                0x00001a6c                _ZNK8SdVolume6fatGetEmPm
 .text._ZN8SdVolume6fatPutEmm
                0x00001bae      0x178 src/arduino/libraries/SD/src/utility/SdVolume.o
                0x00001bae                _ZN8SdVolume6fatPutEmm
 .text._ZN8SdVolume15allocContiguousEmPm
                0x00001d26      0x236 src/arduino/libraries/SD/src/utility/SdVolume.o
                0x00001d26                _ZN8SdVolume15allocContiguousEmPm
 .text.__vector_3
                0x00001f5c      0x15c src/arduino/libraries/SoftwareSerial/SoftwareSerial.o
                0x00001f5c                __vector_27
                0x00001f5c                __vector_5
                0x00001f5c                __vector_4
                0x00001f5c                __vector_3
 .text._ZN8SPIClass5beginEv
                0x000020b8       0x6c src/arduino/libraries/SPI/src/SPI.o
                0x000020b8                _ZN8SPIClass5beginEv
 .text.setup    0x00002124       0xa0 src/ProjectFiles/main.o
                0x00002124                setup
 .text.loop     0x000021c4        0x2 src/ProjectFiles/main.o
                0x000021c4                loop
 .text.libgcc.div
                0x000021c6       0x44 c:/program files (x86)/atmel/studio/7.0/toolchain/avr8/avr8-gnu-toolchain/bin/../lib/gcc/avr/4.9.2/avr5\libgcc.a(_udivmodsi4.o)
                0x000021c6                __udivmodsi4
 .text.libgcc   0x0000220a        0xc c:/program files (x86)/atmel/studio/7.0/toolchain/avr8/avr8-gnu-toolchain/bin/../lib/gcc/avr/4.9.2/avr5\libgcc.a(_tablejump2.o)
                0x0000220a                __tablejump2__
                0x00002216                . = ALIGN (0x2)
 *(.fini9)
 .fini9         0x00002216        0x0 c:/program files (x86)/atmel/studio/7.0/toolchain/avr8/avr8-gnu-toolchain/bin/../lib/gcc/avr/4.9.2/avr5\libgcc.a(_exit.o)
                0x00002216                _exit
                0x00002216                exit
 *(.fini9)
 *(.fini8)
 *(.fini8)
 *(.fini7)
 *(.fini7)
 *(.fini6)
 *(.fini6)
 *(.fini5)
 *(.fini5)
 *(.fini4)
 *(.fini4)
 *(.fini3)
 *(.fini3)
 *(.fini2)
 *(.fini2)
 *(.fini1)
 *(.fini1)
 *(.fini0)
 .fini0         0x00002216        0x4 c:/program files (x86)/atmel/studio/7.0/toolchain/avr8/avr8-gnu-toolchain/bin/../lib/gcc/avr/4.9.2/avr5\libgcc.a(_exit.o)
 *(.fini0)
                0x0000221a                _etext = .

.data           0x00800100       0x24 load address 0x0000221a
                0x00800100                PROVIDE (__data_start, .)
 *(.data)
 *(.data*)
 .data._ZL9tone_pins
                0x00800100        0x1 src/arduino/cores/arduino/Tone.o
 .data._ZN8SdVolume17cacheBlockNumber_E
                0x00800101        0x4 src/arduino/libraries/SD/src/utility/SdVolume.o
                0x00800101                _ZN8SdVolume17cacheBlockNumber_E
 *(.rodata)
 *(.rodata*)
 .rodata._ZTV14HardwareSerial
                0x00800105       0x10 src/arduino/cores/arduino/HardwareSerial.o
                0x00800105                _ZTV14HardwareSerial
 .rodata._ZTV9IPAddress
                0x00800115        0x6 src/arduino/cores/arduino/IPAddress.o
                0x00800115                _ZTV9IPAddress
 .rodata._ZTV6SdFile
                0x0080011b        0x8 src/arduino/libraries/SD/src/utility/SdFile.o
                0x0080011b                _ZTV6SdFile
 *(.gnu.linkonce.d*)
                0x00800124                . = ALIGN (0x2)
 *fill*         0x00800123        0x1 
                0x00800124                _edata = .
                0x00800124                PROVIDE (__data_end, .)

.bss            0x00800124      0x40b
                0x00800124                PROVIDE (__bss_start, .)
 *(.bss)
 *(.bss*)
 .bss.Serial1   0x00800124       0x22 src/arduino/cores/arduino/HardwareSerial.o
                0x00800124                Serial1
 .bss.Serial    0x00800146       0x22 src/arduino/cores/arduino/HardwareSerial.o
                0x00800146                Serial
 .bss.tx_buffer1
                0x00800168       0x44 src/arduino/cores/arduino/HardwareSerial.o
                0x00800168                tx_buffer1
 .bss.rx_buffer1
                0x008001ac       0x44 src/arduino/cores/arduino/HardwareSerial.o
                0x008001ac                rx_buffer1
 .bss.tx_buffer
                0x008001f0       0x44 src/arduino/cores/arduino/HardwareSerial.o
                0x008001f0                tx_buffer
 .bss.rx_buffer
                0x00800234       0x44 src/arduino/cores/arduino/HardwareSerial.o
                0x00800234                rx_buffer
 .bss._ZL11INADDR_NONE
                0x00800278        0x6 src/arduino/cores/arduino/IPAddress.o
 .bss.timer2_pin_mask
                0x0080027e        0x1 src/arduino/cores/arduino/Tone.o
                0x0080027e                timer2_pin_mask
 .bss.timer2_pin_port
                0x0080027f        0x2 src/arduino/cores/arduino/Tone.o
                0x0080027f                timer2_pin_port
 .bss.timer2_toggle_count
                0x00800281        0x4 src/arduino/cores/arduino/Tone.o
                0x00800281                timer2_toggle_count
 .bss.intFunc   0x00800285        0x4 src/arduino/cores/arduino/WInterrupts.o
 .bss.timer0_fract
                0x00800289        0x1 src/arduino/cores/arduino/wiring.o
 .bss.timer0_millis
                0x0080028a        0x4 src/arduino/cores/arduino/wiring.o
                0x0080028a                timer0_millis
 .bss.timer0_overflow_count
                0x0080028e        0x4 src/arduino/cores/arduino/wiring.o
                0x0080028e                timer0_overflow_count
 .bss._ZN5SDLib2SDE
                0x00800292       0x49 src/arduino/libraries/SD/src/SD.o
                0x00800292                _ZN5SDLib2SDE
 .bss._ZL20chip_select_asserted
                0x008002db        0x1 src/arduino/libraries/SD/src/utility/Sd2Card.o
 .bss._ZL8settings
                0x008002dc        0x2 src/arduino/libraries/SD/src/utility/Sd2Card.o
 .bss._ZN6SdFile9dateTime_E
                0x008002de        0x2 src/arduino/libraries/SD/src/utility/SdFile.o
                0x008002de                _ZN6SdFile9dateTime_E
 .bss._ZN8SdVolume17cacheMirrorBlock_E
                0x008002e0        0x4 src/arduino/libraries/SD/src/utility/SdVolume.o
                0x008002e0                _ZN8SdVolume17cacheMirrorBlock_E
 .bss._ZN8SdVolume11cacheDirty_E
                0x008002e4        0x1 src/arduino/libraries/SD/src/utility/SdVolume.o
                0x008002e4                _ZN8SdVolume11cacheDirty_E
 .bss._ZN8SdVolume7sdCard_E
                0x008002e5        0x2 src/arduino/libraries/SD/src/utility/SdVolume.o
                0x008002e5                _ZN8SdVolume7sdCard_E
 .bss._ZN8SdVolume12cacheBuffer_E
                0x008002e7      0x200 src/arduino/libraries/SD/src/utility/SdVolume.o
                0x008002e7                _ZN8SdVolume12cacheBuffer_E
 .bss._ZN14SoftwareSerial20_receive_buffer_headE
                0x008004e7        0x1 src/arduino/libraries/SoftwareSerial/SoftwareSerial.o
                0x008004e7                _ZN14SoftwareSerial20_receive_buffer_headE
 .bss._ZN14SoftwareSerial20_receive_buffer_tailE
                0x008004e8        0x1 src/arduino/libraries/SoftwareSerial/SoftwareSerial.o
                0x008004e8                _ZN14SoftwareSerial20_receive_buffer_tailE
 .bss._ZN14SoftwareSerial15_receive_bufferE
                0x008004e9       0x40 src/arduino/libraries/SoftwareSerial/SoftwareSerial.o
                0x008004e9                _ZN14SoftwareSerial15_receive_bufferE
 .bss._ZN14SoftwareSerial13active_objectE
                0x00800529        0x2 src/arduino/libraries/SoftwareSerial/SoftwareSerial.o
                0x00800529                _ZN14SoftwareSerial13active_objectE
 .bss._ZN8SPIClass13interruptSaveE
                0x0080052b        0x1 src/arduino/libraries/SPI/src/SPI.o
                0x0080052b                _ZN8SPIClass13interruptSaveE
 .bss._ZN8SPIClass13interruptMaskE
                0x0080052c        0x1 src/arduino/libraries/SPI/src/SPI.o
                0x0080052c                _ZN8SPIClass13interruptMaskE
 .bss._ZN8SPIClass13interruptModeE
                0x0080052d        0x1 src/arduino/libraries/SPI/src/SPI.o
                0x0080052d                _ZN8SPIClass13interruptModeE
 .bss._ZN8SPIClass11initializedE
                0x0080052e        0x1 src/arduino/libraries/SPI/src/SPI.o
                0x0080052e                _ZN8SPIClass11initializedE
 *(COMMON)
                0x0080052f                PROVIDE (__bss_end, .)
                0x0000221a                __data_load_start = LOADADDR (.data)
                0x0000223e                __data_load_end = (__data_load_start + SIZEOF (.data))

.noinit         0x0080052f        0x0
                [!provide]                PROVIDE (__noinit_start, .)
 *(.noinit*)
                [!provide]                PROVIDE (__noinit_end, .)
                0x0080052f                _end = .
                0x0080052f                PROVIDE (__heap_start, .)

.eeprom         0x00810000        0x0
 *(.eeprom*)
                0x00810000                __eeprom_end = .

.fuse
 *(.fuse)
 *(.lfuse)
 *(.hfuse)
 *(.efuse)

.lock
 *(.lock*)

.signature
 *(.signature*)

.user_signatures
 *(.user_signatures*)

.stab
 *(.stab)

.stabstr
 *(.stabstr)

.stab.excl
 *(.stab.excl)

.stab.exclstr
 *(.stab.exclstr)

.stab.index
 *(.stab.index)

.stab.indexstr
 *(.stab.indexstr)

.comment        0x00000000       0x30
 *(.comment)
 .comment       0x00000000       0x30 src/arduino/cores/arduino/HardwareSerial.o
                                 0x31 (size before relaxing)
 .comment       0x00000030       0x31 src/arduino/cores/arduino/IPAddress.o
 .comment       0x00000030       0x31 src/arduino/cores/arduino/main.o
 .comment       0x00000030       0x31 src/arduino/cores/arduino/Print.o
 .comment       0x00000030       0x31 src/arduino/cores/arduino/Tone.o
 .comment       0x00000030       0x31 src/arduino/cores/arduino/WInterrupts.o
 .comment       0x00000030       0x31 src/arduino/cores/arduino/wiring.o
 .comment       0x00000030       0x31 src/arduino/cores/arduino/wiring_digital.o
 .comment       0x00000030       0x31 src/arduino/libraries/SD/src/SD.o
 .comment       0x00000030       0x31 src/arduino/libraries/SD/src/utility/Sd2Card.o
 .comment       0x00000030       0x31 src/arduino/libraries/SD/src/utility/SdFile.o
 .comment       0x00000030       0x31 src/arduino/libraries/SD/src/utility/SdVolume.o
 .comment       0x00000030       0x31 src/arduino/libraries/SoftwareSerial/SoftwareSerial.o
 .comment       0x00000030       0x31 src/arduino/libraries/SPI/src/SPI.o
 .comment       0x00000030       0x31 src/ProjectFiles/main.o

.note.gnu.avr.deviceinfo
                0x00000000       0x40
 .note.gnu.avr.deviceinfo
                0x00000000       0x40 C:/Program Files (x86)/Atmel/Studio/7.0/Packs/atmel/ATmega_DFP/1.1.130/gcc/dev/atmega328pb/avr5/crtatmega328pb.o

.note.gnu.build-id
 *(.note.gnu.build-id)

.debug
 *(.debug)

.line
 *(.line)

.debug_srcinfo
 *(.debug_srcinfo)

.debug_sfnames
 *(.debug_sfnames)

.debug_aranges  0x00000000      0x710
 *(.debug_aranges)
 .debug_aranges
                0x00000000       0xa8 src/arduino/cores/arduino/HardwareSerial.o
 .debug_aranges
                0x000000a8       0x60 src/arduino/cores/arduino/IPAddress.o
 .debug_aranges
                0x00000108       0x30 src/arduino/cores/arduino/main.o
 .debug_aranges
                0x00000138       0xe8 src/arduino/cores/arduino/Print.o
 .debug_aranges
                0x00000220       0x38 src/arduino/cores/arduino/Tone.o
 .debug_aranges
                0x00000258       0x38 src/arduino/cores/arduino/WInterrupts.o
 .debug_aranges
                0x00000290       0x48 src/arduino/cores/arduino/wiring.o
 .debug_aranges
                0x000002d8       0x38 src/arduino/cores/arduino/wiring_digital.o
 .debug_aranges
                0x00000310       0xa0 src/arduino/libraries/SD/src/SD.o
 .debug_aranges
                0x000003b0       0xd8 src/arduino/libraries/SD/src/utility/Sd2Card.o
 .debug_aranges
                0x00000488      0x130 src/arduino/libraries/SD/src/utility/SdFile.o
 .debug_aranges
                0x000005b8       0x60 src/arduino/libraries/SD/src/utility/SdVolume.o
 .debug_aranges
                0x00000618       0x98 src/arduino/libraries/SoftwareSerial/SoftwareSerial.o
 .debug_aranges
                0x000006b0       0x38 src/arduino/libraries/SPI/src/SPI.o
 .debug_aranges
                0x000006e8       0x28 src/ProjectFiles/main.o

.debug_pubnames
 *(.debug_pubnames)

.debug_info     0x00000000    0x188ea
 *(.debug_info .gnu.linkonce.wi.*)
 .debug_info    0x00000000      0x8ea C:/Program Files (x86)/Atmel/Studio/7.0/Packs/atmel/ATmega_DFP/1.1.130/gcc/dev/atmega328pb/avr5/crtatmega328pb.o
 .debug_info    0x000008ea     0x1e54 src/arduino/cores/arduino/HardwareSerial.o
 .debug_info    0x0000273e      0x968 src/arduino/cores/arduino/IPAddress.o
 .debug_info    0x000030a6      0x1e9 src/arduino/cores/arduino/main.o
 .debug_info    0x0000328f     0x259e src/arduino/cores/arduino/Print.o
 .debug_info    0x0000582d      0x8fc src/arduino/cores/arduino/Tone.o
 .debug_info    0x00006129      0x1f9 src/arduino/cores/arduino/WInterrupts.o
 .debug_info    0x00006322      0x2a1 src/arduino/cores/arduino/wiring.o
 .debug_info    0x000065c3      0x5cf src/arduino/cores/arduino/wiring_digital.o
 .debug_info    0x00006b92     0x4bb3 src/arduino/libraries/SD/src/SD.o
 .debug_info    0x0000b745     0x2ce0 src/arduino/libraries/SD/src/utility/Sd2Card.o
 .debug_info    0x0000e425     0x4fa1 src/arduino/libraries/SD/src/utility/SdFile.o
 .debug_info    0x000133c6     0x255d src/arduino/libraries/SD/src/utility/SdVolume.o
 .debug_info    0x00015923     0x22d3 src/arduino/libraries/SoftwareSerial/SoftwareSerial.o
 .debug_info    0x00017bf6      0x662 src/arduino/libraries/SPI/src/SPI.o
 .debug_info    0x00018258      0x692 src/ProjectFiles/main.o

.debug_abbrev   0x00000000     0x4023
 *(.debug_abbrev)
 .debug_abbrev  0x00000000      0x86e C:/Program Files (x86)/Atmel/Studio/7.0/Packs/atmel/ATmega_DFP/1.1.130/gcc/dev/atmega328pb/avr5/crtatmega328pb.o
 .debug_abbrev  0x0000086e      0x539 src/arduino/cores/arduino/HardwareSerial.o
 .debug_abbrev  0x00000da7      0x321 src/arduino/cores/arduino/IPAddress.o
 .debug_abbrev  0x000010c8       0xd7 src/arduino/cores/arduino/main.o
 .debug_abbrev  0x0000119f      0x3a7 src/arduino/cores/arduino/Print.o
 .debug_abbrev  0x00001546      0x261 src/arduino/cores/arduino/Tone.o
 .debug_abbrev  0x000017a7       0xe6 src/arduino/cores/arduino/WInterrupts.o
 .debug_abbrev  0x0000188d      0x134 src/arduino/cores/arduino/wiring.o
 .debug_abbrev  0x000019c1      0x149 src/arduino/cores/arduino/wiring_digital.o
 .debug_abbrev  0x00001b0a      0x762 src/arduino/libraries/SD/src/SD.o
 .debug_abbrev  0x0000226c      0x5c9 src/arduino/libraries/SD/src/utility/Sd2Card.o
 .debug_abbrev  0x00002835      0x7cf src/arduino/libraries/SD/src/utility/SdFile.o
 .debug_abbrev  0x00003004      0x508 src/arduino/libraries/SD/src/utility/SdVolume.o
 .debug_abbrev  0x0000350c      0x5c6 src/arduino/libraries/SoftwareSerial/SoftwareSerial.o
 .debug_abbrev  0x00003ad2      0x26d src/arduino/libraries/SPI/src/SPI.o
 .debug_abbrev  0x00003d3f      0x2e4 src/ProjectFiles/main.o

.debug_line     0x00000000     0x59a9
 *(.debug_line .debug_line.* .debug_line_end)
 .debug_line    0x00000000      0x1a5 C:/Program Files (x86)/Atmel/Studio/7.0/Packs/atmel/ATmega_DFP/1.1.130/gcc/dev/atmega328pb/avr5/crtatmega328pb.o
 .debug_line    0x000001a5      0x673 src/arduino/cores/arduino/HardwareSerial.o
 .debug_line    0x00000818      0x2cd src/arduino/cores/arduino/IPAddress.o
 .debug_line    0x00000ae5      0x15e src/arduino/cores/arduino/main.o
 .debug_line    0x00000c43      0x667 src/arduino/cores/arduino/Print.o
 .debug_line    0x000012aa      0x4d3 src/arduino/cores/arduino/Tone.o
 .debug_line    0x0000177d      0x1ac src/arduino/cores/arduino/WInterrupts.o
 .debug_line    0x00001929      0x2ab src/arduino/cores/arduino/wiring.o
 .debug_line    0x00001bd4      0x27f src/arduino/cores/arduino/wiring_digital.o
 .debug_line    0x00001e53      0x84f src/arduino/libraries/SD/src/SD.o
 .debug_line    0x000026a2      0xbc2 src/arduino/libraries/SD/src/utility/Sd2Card.o
 .debug_line    0x00003264     0x1457 src/arduino/libraries/SD/src/utility/SdFile.o
 .debug_line    0x000046bb      0x64e src/arduino/libraries/SD/src/utility/SdVolume.o
 .debug_line    0x00004d09      0x76d src/arduino/libraries/SoftwareSerial/SoftwareSerial.o
 .debug_line    0x00005476      0x2db src/arduino/libraries/SPI/src/SPI.o
 .debug_line    0x00005751      0x258 src/ProjectFiles/main.o

.debug_frame    0x00000000     0x1d8c
 *(.debug_frame)
 .debug_frame   0x00000000      0x2b8 src/arduino/cores/arduino/HardwareSerial.o
 .debug_frame   0x000002b8       0xe8 src/arduino/cores/arduino/IPAddress.o
 .debug_frame   0x000003a0       0x44 src/arduino/cores/arduino/main.o
 .debug_frame   0x000003e4      0x3bc src/arduino/cores/arduino/Print.o
 .debug_frame   0x000007a0      0x100 src/arduino/cores/arduino/Tone.o
 .debug_frame   0x000008a0       0xe4 src/arduino/cores/arduino/WInterrupts.o
 .debug_frame   0x00000984       0xbc src/arduino/cores/arduino/wiring.o
 .debug_frame   0x00000a40       0x7c src/arduino/cores/arduino/wiring_digital.o
 .debug_frame   0x00000abc      0x2d8 src/arduino/libraries/SD/src/SD.o
 .debug_frame   0x00000d94      0x3a4 src/arduino/libraries/SD/src/utility/Sd2Card.o
 .debug_frame   0x00001138      0x730 src/arduino/libraries/SD/src/utility/SdFile.o
 .debug_frame   0x00001868      0x2c8 src/arduino/libraries/SD/src/utility/SdVolume.o
 .debug_frame   0x00001b30      0x1bc src/arduino/libraries/SoftwareSerial/SoftwareSerial.o
 .debug_frame   0x00001cec       0x5c src/arduino/libraries/SPI/src/SPI.o
 .debug_frame   0x00001d48       0x44 src/ProjectFiles/main.o

.debug_str      0x00000000     0x50d0
 *(.debug_str)
 .debug_str     0x00000000      0x318 C:/Program Files (x86)/Atmel/Studio/7.0/Packs/atmel/ATmega_DFP/1.1.130/gcc/dev/atmega328pb/avr5/crtatmega328pb.o
 .debug_str     0x00000318     0x1035 src/arduino/cores/arduino/HardwareSerial.o
                               0x112f (size before relaxing)
 .debug_str     0x0000134d      0x263 src/arduino/cores/arduino/IPAddress.o
                                0x4e0 (size before relaxing)
 .debug_str     0x000015b0       0x4e src/arduino/cores/arduino/main.o
                                0x223 (size before relaxing)
 .debug_str     0x000015fe      0x38c src/arduino/cores/arduino/Print.o
                                0xe54 (size before relaxing)
 .debug_str     0x0000198a      0x229 src/arduino/cores/arduino/Tone.o
                                0x417 (size before relaxing)
 .debug_str     0x00001bb3      0x139 src/arduino/cores/arduino/WInterrupts.o
                                0x201 (size before relaxing)
 .debug_str     0x00001cec       0x8a src/arduino/cores/arduino/wiring.o
                                0x20d (size before relaxing)
 .debug_str     0x00001d76       0x81 src/arduino/cores/arduino/wiring_digital.o
                                0x281 (size before relaxing)
 .debug_str     0x00001df7     0x1e15 src/arduino/libraries/SD/src/SD.o
                               0x2a0d (size before relaxing)
 .debug_str     0x00003c0c      0x3fa src/arduino/libraries/SD/src/utility/Sd2Card.o
                               0x1209 (size before relaxing)
 .debug_str     0x00004006      0x909 src/arduino/libraries/SD/src/utility/SdFile.o
                               0x25f2 (size before relaxing)
 .debug_str     0x0000490f      0x10e src/arduino/libraries/SD/src/utility/SdVolume.o
                               0x1a3a (size before relaxing)
 .debug_str     0x00004a1d      0x56f src/arduino/libraries/SoftwareSerial/SoftwareSerial.o
                               0x13a1 (size before relaxing)
 .debug_str     0x00004f8c       0xab src/arduino/libraries/SPI/src/SPI.o
                                0x5f0 (size before relaxing)
 .debug_str     0x00005037       0x99 src/ProjectFiles/main.o
                                0x607 (size before relaxing)

.debug_loc      0x00000000     0xcf41
 *(.debug_loc)
 .debug_loc     0x00000000      0x8cf src/arduino/cores/arduino/HardwareSerial.o
 .debug_loc     0x000008cf      0x2c0 src/arduino/cores/arduino/IPAddress.o
 .debug_loc     0x00000b8f       0x26 src/arduino/cores/arduino/main.o
 .debug_loc     0x00000bb5     0x1e70 src/arduino/cores/arduino/Print.o
 .debug_loc     0x00002a25      0xcba src/arduino/cores/arduino/Tone.o
 .debug_loc     0x000036df      0x214 src/arduino/cores/arduino/WInterrupts.o
 .debug_loc     0x000038f3      0x22a src/arduino/cores/arduino/wiring.o
 .debug_loc     0x00003b1d      0x628 src/arduino/cores/arduino/wiring_digital.o
 .debug_loc     0x00004145     0x15ed src/arduino/libraries/SD/src/SD.o
 .debug_loc     0x00005732     0x1b42 src/arduino/libraries/SD/src/utility/Sd2Card.o
 .debug_loc     0x00007274     0x3b30 src/arduino/libraries/SD/src/utility/SdFile.o
 .debug_loc     0x0000ada4     0x10df src/arduino/libraries/SD/src/utility/SdVolume.o
 .debug_loc     0x0000be83      0xe02 src/arduino/libraries/SoftwareSerial/SoftwareSerial.o
 .debug_loc     0x0000cc85      0x1e4 src/arduino/libraries/SPI/src/SPI.o
 .debug_loc     0x0000ce69       0xd8 src/ProjectFiles/main.o

.debug_macinfo
 *(.debug_macinfo)

.debug_weaknames
 *(.debug_weaknames)

.debug_funcnames
 *(.debug_funcnames)

.debug_typenames
 *(.debug_typenames)

.debug_varnames
 *(.debug_varnames)

.debug_pubtypes
 *(.debug_pubtypes)

.debug_ranges   0x00000000      0x918
 *(.debug_ranges)
 .debug_ranges  0x00000000       0x98 src/arduino/cores/arduino/HardwareSerial.o
 .debug_ranges  0x00000098       0x50 src/arduino/cores/arduino/IPAddress.o
 .debug_ranges  0x000000e8       0x20 src/arduino/cores/arduino/main.o
 .debug_ranges  0x00000108       0xf0 src/arduino/cores/arduino/Print.o
 .debug_ranges  0x000001f8       0x58 src/arduino/cores/arduino/Tone.o
 .debug_ranges  0x00000250       0x28 src/arduino/cores/arduino/WInterrupts.o
 .debug_ranges  0x00000278       0x38 src/arduino/cores/arduino/wiring.o
 .debug_ranges  0x000002b0       0x28 src/arduino/cores/arduino/wiring_digital.o
 .debug_ranges  0x000002d8       0xb0 src/arduino/libraries/SD/src/SD.o
 .debug_ranges  0x00000388       0xe8 src/arduino/libraries/SD/src/utility/Sd2Card.o
 .debug_ranges  0x00000470      0x2b8 src/arduino/libraries/SD/src/utility/SdFile.o
 .debug_ranges  0x00000728       0xc8 src/arduino/libraries/SD/src/utility/SdVolume.o
 .debug_ranges  0x000007f0       0xe8 src/arduino/libraries/SoftwareSerial/SoftwareSerial.o
 .debug_ranges  0x000008d8       0x28 src/arduino/libraries/SPI/src/SPI.o
 .debug_ranges  0x00000900       0x18 src/ProjectFiles/main.o

.debug_macro
 *(.debug_macro)
OUTPUT(CPE301-FINAL.elf elf32-avr)
LOAD linker stubs
